 running on   16 total cores
 distrk:  each k-point on   16 cores,    1 groups
 distr:  one band on    4 cores,    4 groups
 using from now: INCAR     
 vasp.5.4.1 24Jun15 (build Feb 01 2016 23:38:11) complex                        
  
 POSCAR found type information on POSCAR  Si
 POSCAR found :  1 types and       2 ions

 ----------------------------------------------------------------------------- 
|                                                                             |
|  ADVICE TO THIS USER RUNNING 'VASP/VAMP'   (HEAR YOUR MASTER'S VOICE ...):  |
|                                                                             |
|      You have a (more or less) 'small supercell' and for smaller cells      |
|      it is recommended  to use the reciprocal-space projection scheme!      |
|      The real space optimization is not  efficient for small cells and it   |
|      is also less accurate ...                                              |
|      Therefore set LREAL=.FALSE. in the  INCAR file                         |
|                                                                             |
 ----------------------------------------------------------------------------- 

 LDA part: xc-table for Pade appr. of Perdew
 POSCAR, INCAR and KPOINTS ok, starting setup
 FFT: planning ...
 WAVECAR not read
 WARNING: chargedensity file is incomplete
 entering main loop
       N       E                     dE             d eps       ncg     rms          rms(c)
DAV:   1     0.653830612946E+01    0.65383E+01   -0.29635E+03  1392   0.480E+02
DAV:   2    -0.102989014205E+02   -0.16837E+02   -0.16283E+02  1808   0.818E+01
DAV:   3    -0.108317664578E+02   -0.53287E+00   -0.53189E+00  1828   0.118E+01
DAV:   4    -0.108355628538E+02   -0.37964E-02   -0.37961E-02  1636   0.129E+00
DAV:   5    -0.108356016844E+02   -0.38831E-04   -0.38830E-04  1832   0.121E-01    0.373E+00
RMM:   6    -0.108853231609E+02   -0.49721E-01   -0.56879E-02  1392   0.123E+00    0.190E+00
RMM:   7    -0.108243203905E+02    0.61003E-01   -0.54835E-02  1392   0.122E+00    0.103E+00
RMM:   8    -0.108423079721E+02   -0.17988E-01   -0.11507E-02  1392   0.645E-01    0.175E-01
RMM:   9    -0.108418908875E+02    0.41708E-03   -0.43772E-04  1348   0.119E-01    0.974E-02
RMM:  10    -0.108418358786E+02    0.55009E-04   -0.41654E-04  1349   0.107E-01
   1 F= -.10841836E+02 E0= -.10841836E+02  d E =-.108418E+02  mag=     0.0006
 curvature:   0.00 expect dE= 0.000E+00 dE for cont linesearch  0.000E+00
 trial: gam= 0.00000 g(F)=  0.315E-45 g(S)=  0.175E-01 ort = 0.000E+00 (trialstep = 0.100E+01)
 search vector abs. value=  0.175E-01
 bond charge predicted
       N       E                     dE             d eps       ncg     rms          rms(c)
DAV:   1    -0.108511520187E+02   -0.92611E-02   -0.23634E-01  1488   0.195E+00    0.327E-01
RMM:   2    -0.108467448400E+02    0.44072E-02   -0.41060E-03  1392   0.341E-01    0.190E-01
RMM:   3    -0.108443570676E+02    0.23878E-02   -0.28052E-03  1392   0.221E-01    0.261E-02
RMM:   4    -0.108443675022E+02   -0.10435E-04   -0.54462E-05   883   0.480E-02
   2 F= -.10844368E+02 E0= -.10844368E+02  d E =-.253162E-02  mag=    -0.0000
 trial-energy change:   -0.002532  1 .order   -0.002868   -0.017465    0.011729
 step:   0.5982(harm=  0.5982)  dis= 0.00000  next Energy=   -10.847060 (dE=-0.522E-02)
 bond charge predicted
       N       E                     dE             d eps       ncg     rms          rms(c)
DAV:   1    -0.108477633931E+02   -0.34063E-02   -0.38651E-02  1568   0.798E-01    0.132E-01
RMM:   2    -0.108470734243E+02    0.68997E-03   -0.67016E-04  1392   0.137E-01    0.761E-02
RMM:   3    -0.108467142614E+02    0.35916E-03   -0.43828E-04  1379   0.872E-02    0.117E-02
RMM:   4    -0.108467164673E+02   -0.22060E-05   -0.82910E-06   731   0.185E-02
   3 F= -.10846716E+02 E0= -.10846716E+02  d E =-.488059E-02  mag=     0.0000
 curvature:  -0.30 expect dE=-0.942E-07 dE for cont linesearch -0.942E-07
 trial: gam= 0.00000 g(F)=  0.112E-44 g(S)=  0.315E-06 ort =-0.742E-04 (trialstep = 0.920E+00)
 search vector abs. value=  0.315E-06
 reached required accuracy - stopping structural energy minimisation
